SSD1963.c:11:6:SSD1963_WriteCommand	16	static
SSD1963.c:22:6:SSD1963_WriteData	16	static
SSD1963.c:33:10:SSD1963_ReadData	4	static
SSD1963.c:38:10:H24_RGB565	24	static
SSD1963.c:54:6:SSD1963_Tearing	16	static
SSD1963.c:88:6:SSD1963_backlight	16	static
SSD1963.c:105:6:SSD1963_FillLineFrameBuffer	24	static
SSD1963.c:120:6:SSD1963_FillBlockFrameBuffer	32	static
SSD1963.c:128:6:SSD1963_Init	8	static
SSD1963.c:247:6:LCD_Display_Off	8	static
SSD1963.c:257:6:LCD_Display_On	8	static
SSD1963.c:266:6:LCD_Clear	24	static
SSD1963.c:281:6:LCD_SetCursor	16	static
SSD1963.c:303:6:LCD_SetDisplayWindow	24	static
SSD1963.c:340:6:LCD_DrawLine	32	static
SSD1963.c:367:6:LCD_DrawRect	24	static
SSD1963.c:379:6:LCD_DrawFullRect	32	static
SSD1963.c:389:6:Lcd_BackLight_Control	16	static
SSD1963.c:416:6:LCD_Set_Post_Proc	16	static
SSD1963.c:424:6:LCD_Get_Post_Proc	8	static
SSD1963.c:441:6:LCD_Rotattion	16	static
SSD1963.c:449:6:LCD_Delay	24	static
SSD1963.c:465:6:LCD_WriteRAM_RGB	16	static
SSD1963.c:483:6:LCD_WriteRAM_Prepare	8	static
SSD1963.c:511:10:RGB_TO_565	32	static
SSD1963.c:524:6:SSD1963_GPIO_ON	8	static
SSD1963.c:529:6:SSD1963_GPIO_OFF	8	static
SSD1963.c:534:6:SSD1963_GPIO_Toggle	8	static
SSD1963.c:551:6:LCD_DrawPixels	24	static
SSD1963.c:570:6:LCD_drawBuffer	40	static
