SSD1963.c:11:6:SSD1963_WriteCommand	16	static
SSD1963.c:22:6:SSD1963_WriteData	16	static
SSD1963.c:33:10:SSD1963_ReadData	4	static
SSD1963.c:38:10:H24_RGB565	24	static
SSD1963.c:54:6:SSD1963_Tearing	16	static
SSD1963.c:88:6:SSD1963_backlight	16	static
SSD1963.c:105:6:SSD1963_FillLineFrameBuffer	24	static
SSD1963.c:120:6:SSD1963_FillBlockFrameBuffer	32	static
SSD1963.c:128:6:SSD1963_Init	8	static
SSD1963.c:250:6:LCD_Display_Off	8	static
SSD1963.c:260:6:LCD_Display_On	8	static
SSD1963.c:269:6:LCD_Clear	24	static
SSD1963.c:284:6:LCD_SetCursor	16	static
SSD1963.c:306:6:LCD_SetDisplayWindow	24	static
SSD1963.c:343:6:LCD_DrawLine	32	static
SSD1963.c:370:6:LCD_DrawRect	24	static
SSD1963.c:382:6:LCD_DrawFullRect	32	static
SSD1963.c:392:6:Lcd_BackLight_Control	16	static
SSD1963.c:419:6:LCD_Set_Post_Proc	16	static
SSD1963.c:427:6:LCD_Get_Post_Proc	8	static
SSD1963.c:444:6:LCD_Rotattion	16	static
SSD1963.c:452:6:LCD_Delay	24	static
SSD1963.c:468:6:LCD_WriteRAM_RGB	16	static
SSD1963.c:486:6:LCD_WriteRAM_Prepare	8	static
SSD1963.c:514:10:RGB_TO_565	32	static
SSD1963.c:527:6:SSD1963_GPIO_ON	8	static
SSD1963.c:532:6:SSD1963_GPIO_OFF	8	static
SSD1963.c:537:6:SSD1963_GPIO_Toggle	8	static
SSD1963.c:554:6:LCD_DrawPixels	24	static
SSD1963.c:573:6:LCD_drawBuffer	40	static
